-- The C compiler identification is GNU 16.2.1
-- The CXX compiler identification is GNU 16.2.1
-- Detecting C compiler ABI info
-- Detecting C compiler ABI info - done
-- Check for working C compiler: /usr/bin/cc - skipped
-- Detecting C compile features
-- Detecting C compile features - done
-- Detecting CXX compiler ABI info
-- Detecting CXX compiler ABI info - done
-- Check for working CXX compiler: /usr/bin/c++ - skipped
-- Detecting CXX compile features
-- Detecting CXX compile features - done
CMAKE_SYSTEM_PROCESSOR: x86_64
CMAKE_HOST_SYSTEM_PROCESSOR: x86_64
-- GCC LTO disabled; enable GEARMULATOR_ENABLE_GCC_LTO after product validation
-- Architecture: x86_64
-- Compiler Arguments:  -msse
-- Compiler Arguments (Release): -O3 -DNDEBUG -Ofast -fno-stack-protector
-- Compiler Arguments (Debug): -g -rdynamic
-- Build Configration: Release
CMake Warning (deprecated) at /home/animatek/src/gearmulator-md-mm/source/dsp56300/source/asmjit/CMakeLists.txt:1 (cmake_minimum_required):
  Compatibility with CMake < 3.10 will be removed from a future version of
  CMake.

  Update the VERSION argument <min> value.  Or, use the <min>...<max> syntax
  to tell CMake that the project requires at least <min> but has been updated
  to work with policies introduced by <max> or earlier.
This warning is for project developers.  Use -Wno-author or -Wno-deprecated
to suppress it.

-- Performing Test __CxxFlag__fno_threadsafe_statics
-- Performing Test __CxxFlag__fno_threadsafe_statics - Success
-- Performing Test __CxxFlag__fno_semantic_interposition
-- Performing Test __CxxFlag__fno_semantic_interposition - Success
-- Performing Test __CxxFlag__fmerge_all_constants
-- Performing Test __CxxFlag__fmerge_all_constants - Success
-- Performing Test __CxxFlag__fno_enforce_eh_specs
-- Performing Test __CxxFlag__fno_enforce_eh_specs - Success
** AsmJit Summary **
   ASMJIT_DIR=/home/animatek/src/gearmulator-md-mm/source/dsp56300/source/asmjit
   ASMJIT_TEST=FALSE
   ASMJIT_TARGET_TYPE=STATIC
   ASMJIT_DEPS=pthread;rt
   ASMJIT_LIBS=asmjit;pthread;rt
   ASMJIT_CFLAGS=-DASMJIT_STATIC
   ASMJIT_PRIVATE_CFLAGS=-Wall;-Wextra;-Wconversion;-fno-math-errno;-fno-threadsafe-statics;-fno-semantic-interposition;-DASMJIT_STATIC
   ASMJIT_PRIVATE_CFLAGS_DBG=
   ASMJIT_PRIVATE_CFLAGS_REL=-O2;-fmerge-all-constants;-fno-enforce-eh-specs
-- Performing Test CMAKE_HAVE_LIBC_PTHREAD
-- Performing Test CMAKE_HAVE_LIBC_PTHREAD - Success
-- Found Threads: TRUE
-- Found PkgConfig: /usr/bin/pkg-config (found version "3.0.7")
-- Checking for module 'alsa'
--   Found alsa, version 1.2.16.1
-- Checking for modules 'freetype2;fontconfig'
--   Found freetype2, version 26.6.20
--   Found fontconfig, version 2.18.3
-- Checking for module 'gl'
--   Found gl, version 1.2
-- Checking for module 'libcurl'
--   Found libcurl, version 8.22.0
-- Checking for modules 'webkit2gtk-4.1;gtk+-x11-3.0'
--   Found webkit2gtk-4.1, version 2.52.6
--   Found gtk+-x11-3.0, version 3.24.52
-- Configuring juceaide
-- Building juceaide
-- Exporting juceaide
-- Testing juceaide
-- Finished setting up juceaide
-- Building CLAP with CLAP_CXX_STANDARD=17
-- CLAP version: 1.2.7
-- g1Host: native audio and MIDI backend
-- Creating CLAP g1plugin_CLAP from g1plugin
-- Setting Misbehaviour handler level to 'Ignore'
-- Setting Checking handler level to 'Minimal'
-- Setting event resolution to 0 samples (no sample-accurate automation)
-- Setting "Always split block" to OFF
-- Setting "Use JUCE parameter ranges" to OFF
-- Configuring done (55.2s)
CMake Warning (policy) at /home/animatek/src/gearmulator-md-mm/source/dsp56300/source/asmjit/CMakeLists.txt:156 (add_library):
  Policy CMP0069 is not set: INTERPROCEDURAL_OPTIMIZATION is enforced when
  enabled.  Run "cmake --help-policy CMP0069" for policy details.  Use the
  cmake_policy command to set the policy and suppress this warning.

  INTERPROCEDURAL_OPTIMIZATION property will be ignored for target 'asmjit'.
Call Stack (most recent call first):
  /home/animatek/src/gearmulator-md-mm/source/dsp56300/source/asmjit/CMakeLists.txt:494 (asmjit_add_target)
This warning is for project developers.  Use -Wno-author or -Wno-policy to
suppress it.

-- Generating done (0.6s)
-- Build files have been written to: /mnt/SPEED/CODE/G1-Emu-skin/build
