[  1%] Generating juce_binarydata_g1Skin/JuceLibraryCode/BinaryData1.cpp, juce_binarydata_g1Skin/JuceLibraryCode/BinaryData2.cpp, juce_binarydata_g1Skin/JuceLibraryCode/BinaryData3.cpp, juce_binarydata_g1Skin/JuceLibraryCode/BinaryData4.cpp, juce_binarydata_g1Skin/JuceLibraryCode/BinaryData5.cpp, juce_binarydata_g1Skin/JuceLibraryCode/BinaryData6.cpp, juce_binarydata_g1Skin/JuceLibraryCode/BinaryData7.cpp, juce_binarydata_g1Skin/JuceLibraryCode/BinaryData8.cpp, juce_binarydata_g1Skin/JuceLibraryCode/BinaryData9.cpp, juce_binarydata_g1Skin/JuceLibraryCode/BinaryData10.cpp, juce_binarydata_g1Skin/JuceLibraryCode/BinaryData11.cpp, juce_binarydata_g1Skin/JuceLibraryCode/BinaryData12.cpp, juce_binarydata_g1Skin/JuceLibraryCode/BinaryData13.cpp, juce_binarydata_g1Skin/JuceLibraryCode/BinaryData14.cpp, juce_binarydata_g1Skin/JuceLibraryCode/G1Skin.h
[  1%] Building C object gearmulator/dsp56300/vtuneSdk/CMakeFiles/vtuneSdk.dir/src/ittnotify/ittnotify_static.c.o
[  1%] Building CXX object clap-juce-extensions/CMakeFiles/clap_juce_extensions.dir/src/extensions/clap-juce-extensions.cpp.o
[  1%] Building C object gearmulator/dsp56300/vtuneSdk/CMakeFiles/vtuneSdk.dir/src/ittnotify/jitprofiling.c.o
[  1%] Building CXX object gearmulator/dsp56300/dsp56kBase/CMakeFiles/dsp56kBase.dir/cowmemory.cpp.o
[  1%] Building CXX object gearmulator/dsp56300/dsp56kBase/CMakeFiles/dsp56kBase.dir/conditionvariable.cpp.o
[  1%] Building CXX object gearmulator/mc68k/CMakeFiles/68kEmu.dir/hdi08.cpp.o
[  1%] Building CXX object gearmulator/mc68k/CMakeFiles/68kEmu.dir/__/__/g1-68k/gpt.cpp.o
[  1%] Building CXX object gearmulator/dsp56300/dsp56kBase/CMakeFiles/dsp56kBase.dir/logging.cpp.o
[  1%] Building CXX object gearmulator/mc68k/CMakeFiles/68kEmu.dir/logging.cpp.o
[  3%] Building CXX object gearmulator/dsp56300/dsp56kBase/CMakeFiles/dsp56kBase.dir/mmuhelper.cpp.o
[  3%] Building CXX object gearmulator/dsp56300/dsp56kBase/CMakeFiles/dsp56kBase.dir/dspassert.cpp.o
[  3%] Building CXX object gearmulator/mc68k/CMakeFiles/68kEmu.dir/mc68k.cpp.o
[  3%] Building CXX object gearmulator/mc68k/CMakeFiles/68kEmu.dir/peripheralBase.cpp.o
[  3%] Building CXX object tools/vst3check/CMakeFiles/g1vst3check.dir/vst3check.cpp.o
[  3%] Building CXX object gearmulator/dsp56300/asmjit/CMakeFiles/asmjit.dir/src/asmjit/core/archtraits.cpp.o
[  4%] Building CXX object gearmulator/dsp56300/asmjit/CMakeFiles/asmjit.dir/src/asmjit/core/assembler.cpp.o
[  4%] Building CXX object gearmulator/dsp56300/asmjit/CMakeFiles/asmjit.dir/src/asmjit/core/builder.cpp.o
[  4%] Building CXX object gearmulator/dsp56300/asmjit/CMakeFiles/asmjit.dir/src/asmjit/core/codeholder.cpp.o
[  5%] Linking C static library libvtuneSdk.a
[  5%] Building CXX object gearmulator/mc68k/CMakeFiles/68kEmu.dir/port.cpp.o
[  5%] Built target vtuneSdk
[  6%] Building CXX object gearmulator/mc68k/CMakeFiles/68kEmu.dir/qsm.cpp.o
[  6%] Building CXX object gearmulator/mc68k/CMakeFiles/68kEmu.dir/qspi.cpp.o
[  7%] Building CXX object gearmulator/dsp56300/dsp56kBase/CMakeFiles/dsp56kBase.dir/mutex.cpp.o
[  7%] Building CXX object gearmulator/dsp56300/dsp56kBase/CMakeFiles/dsp56kBase.dir/threadtools.cpp.o
[  7%] Building CXX object gearmulator/dsp56300/asmjit/CMakeFiles/asmjit.dir/src/asmjit/core/codewriter.cpp.o
[  7%] Linking CXX static library libclap_juce_extensions.a
[  8%] Building CXX object gearmulator/dsp56300/asmjit/CMakeFiles/asmjit.dir/src/asmjit/core/compiler.cpp.o
[  8%] Built target clap_juce_extensions
[  8%] Building CXX object gearmulator/dsp56300/asmjit/CMakeFiles/asmjit.dir/src/asmjit/core/constpool.cpp.o
[  8%] Building CXX object gearmulator/dsp56300/asmjit/CMakeFiles/asmjit.dir/src/asmjit/core/cpuinfo.cpp.o
[  9%] Building CXX object tools/vst3check/CMakeFiles/g1vst3check.dir/mnt/SPEED/CODE/Nomad2026/JUCE/modules/juce_audio_processors/juce_audio_processors.cpp.o
[  9%] Building CXX object tools/vst3check/CMakeFiles/g1vst3check.dir/mnt/SPEED/CODE/Nomad2026/JUCE/modules/juce_gui_extra/juce_gui_extra.cpp.o
[  9%] Building CXX object tools/vst3check/CMakeFiles/g1vst3check.dir/mnt/SPEED/CODE/Nomad2026/JUCE/modules/juce_gui_basics/juce_gui_basics.cpp.o
[  9%] Building CXX object tools/vst3check/CMakeFiles/g1vst3check.dir/mnt/SPEED/CODE/Nomad2026/JUCE/modules/juce_graphics/juce_graphics.cpp.o
[  9%] Building CXX object gearmulator/mc68k/CMakeFiles/68kEmu.dir/sim.cpp.o
[ 10%] Building CXX object gearmulator/dsp56300/asmjit/CMakeFiles/asmjit.dir/src/asmjit/core/emithelper.cpp.o
[ 10%] Building CXX object app/CMakeFiles/g1Skin.dir/juce_binarydata_g1Skin/JuceLibraryCode/BinaryData1.cpp.o
[ 10%] Building CXX object gearmulator/dsp56300/dsp56kBase/CMakeFiles/dsp56kBase.dir/trigger.cpp.o
[ 10%] Building CXX object gearmulator/dsp56300/dsp56kBase/CMakeFiles/dsp56kBase.dir/win8sync.cpp.o
[ 11%] Building CXX object tools/vst3check/CMakeFiles/g1vst3check.dir/mnt/SPEED/CODE/Nomad2026/JUCE/modules/juce_graphics/juce_graphics_Harfbuzz.cpp.o
[ 11%] Building C object tools/vst3check/CMakeFiles/g1vst3check.dir/mnt/SPEED/CODE/Nomad2026/JUCE/modules/juce_graphics/juce_graphics_Sheenbidi.c.o
[ 11%] Building CXX object app/CMakeFiles/g1Skin.dir/juce_binarydata_g1Skin/JuceLibraryCode/BinaryData2.cpp.o
[ 11%] Building CXX object app/CMakeFiles/g1Skin.dir/juce_binarydata_g1Skin/JuceLibraryCode/BinaryData3.cpp.o
[ 12%] Building CXX object app/CMakeFiles/g1Skin.dir/juce_binarydata_g1Skin/JuceLibraryCode/BinaryData4.cpp.o
[ 12%] Building C object gearmulator/mc68k/CMakeFiles/68kEmu.dir/Musashi/m68kcpu.c.o
[ 12%] Building CXX object gearmulator/dsp56300/asmjit/CMakeFiles/asmjit.dir/src/asmjit/core/emitter.cpp.o
[ 12%] Building CXX object gearmulator/dsp56300/asmjit/CMakeFiles/asmjit.dir/src/asmjit/core/emitterutils.cpp.o
[ 13%] Building C object gearmulator/mc68k/CMakeFiles/68kEmu.dir/Musashi/m68kdasm.c.o
[ 13%] Building CXX object app/CMakeFiles/g1Skin.dir/juce_binarydata_g1Skin/JuceLibraryCode/BinaryData5.cpp.o
[ 15%] Linking CXX static library libdsp56kBase.a
[ 15%] Building CXX object tools/vst3check/CMakeFiles/g1vst3check.dir/mnt/SPEED/CODE/Nomad2026/JUCE/modules/juce_events/juce_events.cpp.o
[ 16%] Building CXX object tools/vst3check/CMakeFiles/g1vst3check.dir/mnt/SPEED/CODE/Nomad2026/JUCE/modules/juce_core/juce_core.cpp.o
[ 16%] Building CXX object tools/vst3check/CMakeFiles/g1vst3check.dir/mnt/SPEED/CODE/Nomad2026/JUCE/modules/juce_core/juce_core_CompilationTime.cpp.o
[ 16%] Building CXX object app/CMakeFiles/g1Skin.dir/juce_binarydata_g1Skin/JuceLibraryCode/BinaryData6.cpp.o
[ 16%] Built target dsp56kBase
[ 16%] Building CXX object tools/vst3check/CMakeFiles/g1vst3check.dir/mnt/SPEED/CODE/Nomad2026/JUCE/modules/juce_data_structures/juce_data_structures.cpp.o
[ 17%] Building CXX object app/CMakeFiles/g1Skin.dir/juce_binarydata_g1Skin/JuceLibraryCode/BinaryData7.cpp.o
[ 17%] Building CXX object app/CMakeFiles/g1Skin.dir/juce_binarydata_g1Skin/JuceLibraryCode/BinaryData8.cpp.o
[ 18%] Building CXX object tools/vst3check/CMakeFiles/g1vst3check.dir/mnt/SPEED/CODE/Nomad2026/JUCE/modules/juce_audio_processors_headless/juce_audio_processors_headless.cpp.o
[ 18%] Building CXX object tools/vst3check/CMakeFiles/g1vst3check.dir/mnt/SPEED/CODE/Nomad2026/JUCE/modules/juce_audio_processors_headless/juce_audio_processors_headless_ara.cpp.o
[ 18%] Building CXX object app/CMakeFiles/g1Skin.dir/juce_binarydata_g1Skin/JuceLibraryCode/BinaryData9.cpp.o
[ 18%] Building CXX object tools/vst3check/CMakeFiles/g1vst3check.dir/mnt/SPEED/CODE/Nomad2026/JUCE/modules/juce_audio_processors_headless/juce_audio_processors_headless_lv2_libs.cpp.o
[ 18%] Building C object gearmulator/mc68k/CMakeFiles/68kEmu.dir/Musashi/m68kfpu.c.o
[ 19%] Building C object gearmulator/mc68k/CMakeFiles/68kEmu.dir/Musashi/m68kops.c.o
[ 19%] Building CXX object app/CMakeFiles/g1Skin.dir/juce_binarydata_g1Skin/JuceLibraryCode/BinaryData10.cpp.o
[ 19%] Building CXX object app/CMakeFiles/g1Skin.dir/juce_binarydata_g1Skin/JuceLibraryCode/BinaryData11.cpp.o
[ 19%] Building CXX object tools/vst3check/CMakeFiles/g1vst3check.dir/mnt/SPEED/CODE/Nomad2026/JUCE/modules/juce_audio_basics/juce_audio_basics.cpp.o
[ 19%] Building CXX object app/CMakeFiles/g1Skin.dir/juce_binarydata_g1Skin/JuceLibraryCode/BinaryData12.cpp.o
[ 20%] Building CXX object app/CMakeFiles/g1Skin.dir/juce_binarydata_g1Skin/JuceLibraryCode/BinaryData13.cpp.o
[ 20%] Building CXX object gearmulator/dsp56300/asmjit/CMakeFiles/asmjit.dir/src/asmjit/core/environment.cpp.o
[ 20%] Building CXX object gearmulator/dsp56300/asmjit/CMakeFiles/asmjit.dir/src/asmjit/core/errorhandler.cpp.o
[ 21%] Building CXX object app/CMakeFiles/g1Skin.dir/juce_binarydata_g1Skin/JuceLibraryCode/BinaryData14.cpp.o
[ 22%] Building C object gearmulator/mc68k/CMakeFiles/68kEmu.dir/Musashi/softfloat/softfloat.c.o
[ 22%] Linking CXX static library libg1Skin.a
[ 23%] Building CXX object tools/vst3check/CMakeFiles/g1vst3check.dir/mnt/SPEED/CODE/Nomad2026/JUCE/modules/juce_audio_devices/juce_audio_devices.cpp.o
[ 23%] Building CXX object gearmulator/dsp56300/asmjit/CMakeFiles/asmjit.dir/src/asmjit/core/formatter.cpp.o
[ 23%] Built target g1Skin
[ 23%] Building CXX object gearmulator/dsp56300/asmjit/CMakeFiles/asmjit.dir/src/asmjit/core/func.cpp.o
[ 24%] Building CXX object gearmulator/dsp56300/asmjit/CMakeFiles/asmjit.dir/src/asmjit/core/funcargscontext.cpp.o
[ 24%] Building CXX object gearmulator/dsp56300/asmjit/CMakeFiles/asmjit.dir/src/asmjit/core/globals.cpp.o
[ 24%] Building CXX object gearmulator/dsp56300/asmjit/CMakeFiles/asmjit.dir/src/asmjit/core/inst.cpp.o
[ 25%] Building CXX object gearmulator/dsp56300/asmjit/CMakeFiles/asmjit.dir/src/asmjit/core/jitallocator.cpp.o
[ 25%] Building CXX object gearmulator/dsp56300/asmjit/CMakeFiles/asmjit.dir/src/asmjit/core/jitruntime.cpp.o
[ 25%] Building CXX object gearmulator/dsp56300/asmjit/CMakeFiles/asmjit.dir/src/asmjit/core/logger.cpp.o
[ 26%] Building CXX object gearmulator/dsp56300/asmjit/CMakeFiles/asmjit.dir/src/asmjit/core/operand.cpp.o
[ 26%] Building CXX object gearmulator/dsp56300/asmjit/CMakeFiles/asmjit.dir/src/asmjit/core/osutils.cpp.o
[ 26%] Building CXX object gearmulator/dsp56300/asmjit/CMakeFiles/asmjit.dir/src/asmjit/core/ralocal.cpp.o
[ 26%] Linking CXX static library lib68kEmu.a
[ 26%] Building CXX object gearmulator/dsp56300/asmjit/CMakeFiles/asmjit.dir/src/asmjit/core/rapass.cpp.o
[ 27%] Building CXX object gearmulator/dsp56300/asmjit/CMakeFiles/asmjit.dir/src/asmjit/core/rastack.cpp.o
[ 27%] Built target 68kEmu
[ 27%] Building CXX object gearmulator/dsp56300/asmjit/CMakeFiles/asmjit.dir/src/asmjit/core/string.cpp.o
[ 27%] Building CXX object gearmulator/dsp56300/asmjit/CMakeFiles/asmjit.dir/src/asmjit/core/support.cpp.o
[ 29%] Building CXX object CMakeFiles/g1Midi.dir/home/animatek/src/gearmulator-md-mm/source/hardwareLib/sciMidi.cpp.o
[ 30%] Building CXX object gearmulator/dsp56300/asmjit/CMakeFiles/asmjit.dir/src/asmjit/core/target.cpp.o
/mnt/SPEED/CODE/G1-Emu-skin/tools/vst3check/vst3check.cpp: In function ‘int main(int, char**)’:
/mnt/SPEED/CODE/G1-Emu-skin/tools/vst3check/vst3check.cpp:519:26: warning: ‘void juce::AudioPluginFormatManager::addFormat(juce::AudioPluginFormat*)’ es obsoleto: Prefer the signature that accepts a unique_ptr [-Wdeprecated-declarations]
  519 |         formats.addFormat(new juce::VST3PluginFormat());
      |         ~~~~~~~~~~~~~~~~~^~~~~~~~~~~~~~~~~~~~~~~~~~~~~~
In file included from /mnt/SPEED/CODE/Nomad2026/JUCE/modules/juce_audio_processors_headless/juce_audio_processors_headless.h:164,
                 from /mnt/SPEED/CODE/Nomad2026/JUCE/modules/juce_audio_processors/juce_audio_processors.h:64,
                 from /mnt/SPEED/CODE/G1-Emu-skin/tools/vst3check/vst3check.cpp:17:
/mnt/SPEED/CODE/Nomad2026/JUCE/modules/juce_audio_processors_headless/format/juce_AudioPluginFormatManager.h:78:10: note: se declara aquí
   78 |     void addFormat (AudioPluginFormat* f) { addFormat (rawToUniquePtr (f)); }
      |          ^~~~~~~~~
[ 30%] Building CXX object gearmulator/dsp56300/asmjit/CMakeFiles/asmjit.dir/src/asmjit/core/type.cpp.o
[ 30%] Building CXX object CMakeFiles/g1Midi.dir/home/animatek/src/gearmulator-md-mm/source/synthLib/midiBufferParser.cpp.o
[ 30%] Building CXX object gearmulator/dsp56300/asmjit/CMakeFiles/asmjit.dir/src/asmjit/core/virtmem.cpp.o
[ 31%] Building CXX object gearmulator/dsp56300/asmjit/CMakeFiles/asmjit.dir/src/asmjit/core/zone.cpp.o
[ 31%] Building CXX object gearmulator/dsp56300/asmjit/CMakeFiles/asmjit.dir/src/asmjit/core/zonehash.cpp.o
[ 31%] Building CXX object gearmulator/dsp56300/asmjit/CMakeFiles/asmjit.dir/src/asmjit/core/zonelist.cpp.o
[ 31%] Building CXX object gearmulator/dsp56300/asmjit/CMakeFiles/asmjit.dir/src/asmjit/core/zonestack.cpp.o
[ 32%] Building CXX object gearmulator/dsp56300/asmjit/CMakeFiles/asmjit.dir/src/asmjit/core/zonetree.cpp.o
[ 32%] Linking CXX static library libg1Midi.a
[ 32%] Building CXX object gearmulator/dsp56300/asmjit/CMakeFiles/asmjit.dir/src/asmjit/core/zonevector.cpp.o
[ 32%] Built target g1Midi
[ 32%] Building CXX object gearmulator/dsp56300/asmjit/CMakeFiles/asmjit.dir/src/asmjit/arm/armformatter.cpp.o
[ 33%] Building CXX object gearmulator/dsp56300/asmjit/CMakeFiles/asmjit.dir/src/asmjit/arm/a64assembler.cpp.o
[ 33%] Building CXX object gearmulator/dsp56300/asmjit/CMakeFiles/asmjit.dir/src/asmjit/arm/a64builder.cpp.o
[ 33%] Building CXX object gearmulator/dsp56300/asmjit/CMakeFiles/asmjit.dir/src/asmjit/arm/a64compiler.cpp.o
[ 34%] Building CXX object gearmulator/dsp56300/asmjit/CMakeFiles/asmjit.dir/src/asmjit/arm/a64emithelper.cpp.o
[ 34%] Building CXX object gearmulator/dsp56300/asmjit/CMakeFiles/asmjit.dir/src/asmjit/arm/a64formatter.cpp.o
[ 34%] Building CXX object gearmulator/dsp56300/asmjit/CMakeFiles/asmjit.dir/src/asmjit/arm/a64func.cpp.o
[ 34%] Building CXX object gearmulator/dsp56300/asmjit/CMakeFiles/asmjit.dir/src/asmjit/arm/a64instapi.cpp.o
[ 35%] Building CXX object gearmulator/dsp56300/asmjit/CMakeFiles/asmjit.dir/src/asmjit/arm/a64instdb.cpp.o
[ 35%] Building CXX object gearmulator/dsp56300/asmjit/CMakeFiles/asmjit.dir/src/asmjit/arm/a64operand.cpp.o
[ 35%] Building CXX object gearmulator/dsp56300/asmjit/CMakeFiles/asmjit.dir/src/asmjit/arm/a64rapass.cpp.o
[ 36%] Building CXX object gearmulator/dsp56300/asmjit/CMakeFiles/asmjit.dir/src/asmjit/x86/x86assembler.cpp.o
[ 36%] Building CXX object gearmulator/dsp56300/asmjit/CMakeFiles/asmjit.dir/src/asmjit/x86/x86builder.cpp.o
[ 36%] Building CXX object gearmulator/dsp56300/asmjit/CMakeFiles/asmjit.dir/src/asmjit/x86/x86compiler.cpp.o
[ 37%] Building CXX object gearmulator/dsp56300/asmjit/CMakeFiles/asmjit.dir/src/asmjit/x86/x86emithelper.cpp.o
[ 37%] Building CXX object gearmulator/dsp56300/asmjit/CMakeFiles/asmjit.dir/src/asmjit/x86/x86formatter.cpp.o
[ 37%] Building CXX object gearmulator/dsp56300/asmjit/CMakeFiles/asmjit.dir/src/asmjit/x86/x86func.cpp.o
[ 37%] Building CXX object gearmulator/dsp56300/asmjit/CMakeFiles/asmjit.dir/src/asmjit/x86/x86instdb.cpp.o
[ 38%] Building CXX object gearmulator/dsp56300/asmjit/CMakeFiles/asmjit.dir/src/asmjit/x86/x86instapi.cpp.o
[ 38%] Building CXX object gearmulator/dsp56300/asmjit/CMakeFiles/asmjit.dir/src/asmjit/x86/x86operand.cpp.o
[ 38%] Building CXX object gearmulator/dsp56300/asmjit/CMakeFiles/asmjit.dir/src/asmjit/x86/x86rapass.cpp.o
[ 39%] Linking CXX static library libasmjit.a
[ 39%] Built target asmjit
[ 40%] Building CXX object gearmulator/dsp56300/dsp56kEmu/CMakeFiles/dsp56kEmu.dir/__/__/__/g1-dsp/dsp56kEmu/agu.cpp.o
[ 40%] Building CXX object gearmulator/dsp56300/dsp56kEmu/CMakeFiles/dsp56kEmu.dir/__/__/__/g1-dsp/dsp56kEmu/assemblertest.cpp.o
[ 40%] Building CXX object gearmulator/dsp56300/dsp56kEmu/CMakeFiles/dsp56kEmu.dir/__/__/__/g1-dsp/dsp56kEmu/assembler.cpp.o
[ 40%] Building CXX object gearmulator/dsp56300/dsp56kEmu/CMakeFiles/dsp56kEmu.dir/__/__/__/g1-dsp/dsp56kEmu/audio.cpp.o
[ 40%] Building CXX object gearmulator/dsp56300/dsp56kEmu/CMakeFiles/dsp56kEmu.dir/__/__/__/g1-dsp/dsp56kEmu/debuggerinterface.cpp.o
[ 40%] Building CXX object gearmulator/dsp56300/dsp56kEmu/CMakeFiles/dsp56kEmu.dir/__/__/__/g1-dsp/dsp56kEmu/disasm.cpp.o
[ 41%] Building CXX object gearmulator/dsp56300/dsp56kEmu/CMakeFiles/dsp56kEmu.dir/__/__/__/g1-dsp/dsp56kEmu/dma.cpp.o
[ 40%] Building CXX object gearmulator/dsp56300/dsp56kEmu/CMakeFiles/dsp56kEmu.dir/__/__/__/g1-dsp/dsp56kEmu/dsp.cpp.o
[ 43%] Building CXX object gearmulator/dsp56300/dsp56kEmu/CMakeFiles/dsp56kEmu.dir/__/__/__/g1-dsp/dsp56kEmu/dspBootCode.cpp.o
[ 43%] Building CXX object gearmulator/dsp56300/dsp56kEmu/CMakeFiles/dsp56kEmu.dir/__/__/__/g1-dsp/dsp56kEmu/dspthread.cpp.o
[ 43%] Building CXX object gearmulator/dsp56300/dsp56kEmu/CMakeFiles/dsp56kEmu.dir/__/__/__/g1-dsp/dsp56kEmu/error.cpp.o
[ 43%] Building CXX object gearmulator/dsp56300/dsp56kEmu/CMakeFiles/dsp56kEmu.dir/__/__/__/g1-dsp/dsp56kEmu/esai.cpp.o
[ 44%] Building CXX object gearmulator/dsp56300/dsp56kEmu/CMakeFiles/dsp56kEmu.dir/__/__/__/g1-dsp/dsp56kEmu/esaiclock.cpp.o
[ 44%] Building CXX object gearmulator/dsp56300/dsp56kEmu/CMakeFiles/dsp56kEmu.dir/__/__/__/g1-dsp/dsp56kEmu/essi.cpp.o
[ 44%] Building CXX object gearmulator/dsp56300/dsp56kEmu/CMakeFiles/dsp56kEmu.dir/__/__/__/g1-dsp/dsp56kEmu/esxi.cpp.o
[ 44%] Building CXX object gearmulator/dsp56300/dsp56kEmu/CMakeFiles/dsp56kEmu.dir/__/__/__/g1-dsp/dsp56kEmu/gpio.cpp.o
[ 45%] Building CXX object gearmulator/dsp56300/dsp56kEmu/CMakeFiles/dsp56kEmu.dir/__/__/__/g1-dsp/dsp56kEmu/hdi08queue.cpp.o
[ 45%] Building CXX object gearmulator/dsp56300/dsp56kEmu/CMakeFiles/dsp56kEmu.dir/__/__/__/g1-dsp/dsp56kEmu/hdi08.cpp.o
[ 45%] Building CXX object gearmulator/dsp56300/dsp56kEmu/CMakeFiles/dsp56kEmu.dir/__/__/__/g1-dsp/dsp56kEmu/haltDSP.cpp.o
[ 46%] Building CXX object gearmulator/dsp56300/dsp56kEmu/CMakeFiles/dsp56kEmu.dir/__/__/__/g1-dsp/dsp56kEmu/instructioncache.cpp.o
[ 46%] Building CXX object gearmulator/dsp56300/dsp56kEmu/CMakeFiles/dsp56kEmu.dir/__/__/__/g1-dsp/dsp56kEmu/interpreterunittests.cpp.o
[ 46%] Building CXX object gearmulator/dsp56300/dsp56kEmu/CMakeFiles/dsp56kEmu.dir/__/__/__/g1-dsp/dsp56kEmu/memory.cpp.o
[ 47%] Building CXX object gearmulator/dsp56300/dsp56kEmu/CMakeFiles/dsp56kEmu.dir/__/__/__/g1-dsp/dsp56kEmu/memorybuffer.cpp.o
[ 47%] Building CXX object gearmulator/dsp56300/dsp56kEmu/CMakeFiles/dsp56kEmu.dir/__/__/__/g1-dsp/dsp56kEmu/omfloader.cpp.o
[ 47%] Building CXX object gearmulator/dsp56300/dsp56kEmu/CMakeFiles/dsp56kEmu.dir/__/__/__/g1-dsp/dsp56kEmu/opcodes.cpp.o
[ 47%] Building CXX object gearmulator/dsp56300/dsp56kEmu/CMakeFiles/dsp56kEmu.dir/__/__/__/g1-dsp/dsp56kEmu/opcodecycles.cpp.o
[ 48%] Building CXX object gearmulator/dsp56300/dsp56kEmu/CMakeFiles/dsp56kEmu.dir/__/__/__/g1-dsp/dsp56kEmu/peripherals.cpp.o
[ 48%] Building CXX object gearmulator/dsp56300/dsp56kEmu/CMakeFiles/dsp56kEmu.dir/__/__/__/g1-dsp/dsp56kEmu/registers.cpp.o
[ 48%] Building CXX object gearmulator/dsp56300/dsp56kEmu/CMakeFiles/dsp56kEmu.dir/__/__/__/g1-dsp/dsp56kEmu/timers.cpp.o
[ 49%] Building CXX object gearmulator/dsp56300/dsp56kEmu/CMakeFiles/dsp56kEmu.dir/__/__/__/g1-dsp/dsp56kEmu/types.cpp.o
[ 49%] Building CXX object gearmulator/dsp56300/dsp56kEmu/CMakeFiles/dsp56kEmu.dir/__/__/__/g1-dsp/dsp56kEmu/unittests.cpp.o
[ 49%] Building CXX object gearmulator/dsp56300/dsp56kEmu/CMakeFiles/dsp56kEmu.dir/__/__/__/g1-dsp/dsp56kEmu/utils.cpp.o
[ 50%] Building CXX object gearmulator/dsp56300/dsp56kEmu/CMakeFiles/dsp56kEmu.dir/__/__/__/g1-dsp/dsp56kEmu/jit.cpp.o
[ 50%] Building CXX object gearmulator/dsp56300/dsp56kEmu/CMakeFiles/dsp56kEmu.dir/__/__/__/g1-dsp/dsp56kEmu/jitasmjithelpers.cpp.o
[ 50%] Building CXX object gearmulator/dsp56300/dsp56kEmu/CMakeFiles/dsp56kEmu.dir/__/__/__/g1-dsp/dsp56kEmu/jitdspmode.cpp.o
[ 50%] Building CXX object gearmulator/dsp56300/dsp56kEmu/CMakeFiles/dsp56kEmu.dir/__/__/__/g1-dsp/dsp56kEmu/jitemitter.cpp.o
[ 51%] Building CXX object gearmulator/dsp56300/dsp56kEmu/CMakeFiles/dsp56kEmu.dir/__/__/__/g1-dsp/dsp56kEmu/jitblock.cpp.o
[ 51%] Building CXX object gearmulator/dsp56300/dsp56kEmu/CMakeFiles/dsp56kEmu.dir/__/__/__/g1-dsp/dsp56kEmu/jitblockinfo.cpp.o
[ 51%] Building CXX object gearmulator/dsp56300/dsp56kEmu/CMakeFiles/dsp56kEmu.dir/__/__/__/g1-dsp/dsp56kEmu/jitblockchain.cpp.o
[ 52%] Building CXX object gearmulator/dsp56300/dsp56kEmu/CMakeFiles/dsp56kEmu.dir/__/__/__/g1-dsp/dsp56kEmu/jitblockruntimedata.cpp.o
[ 52%] Building CXX object gearmulator/dsp56300/dsp56kEmu/CMakeFiles/dsp56kEmu.dir/__/__/__/g1-dsp/dsp56kEmu/jithelper.cpp.o
[ 52%] Building CXX object gearmulator/dsp56300/dsp56kEmu/CMakeFiles/dsp56kEmu.dir/__/__/__/g1-dsp/dsp56kEmu/jitdspregs.cpp.o
[ 53%] Building CXX object gearmulator/dsp56300/dsp56kEmu/CMakeFiles/dsp56kEmu.dir/__/__/__/g1-dsp/dsp56kEmu/jitdspregpool.cpp.o
[ 53%] Building CXX object gearmulator/dsp56300/dsp56kEmu/CMakeFiles/dsp56kEmu.dir/__/__/__/g1-dsp/dsp56kEmu/jitdspregpoolregpair.cpp.o
[ 53%] Building CXX object gearmulator/dsp56300/dsp56kEmu/CMakeFiles/dsp56kEmu.dir/__/__/__/g1-dsp/dsp56kEmu/jitdspvalue.cpp.o
[ 53%] Building CXX object gearmulator/dsp56300/dsp56kEmu/CMakeFiles/dsp56kEmu.dir/__/__/__/g1-dsp/dsp56kEmu/jitmem.cpp.o
[ 54%] Building CXX object gearmulator/dsp56300/dsp56kEmu/CMakeFiles/dsp56kEmu.dir/__/__/__/g1-dsp/dsp56kEmu/jitops.cpp.o
[ 54%] Building CXX object gearmulator/dsp56300/dsp56kEmu/CMakeFiles/dsp56kEmu.dir/__/__/__/g1-dsp/dsp56kEmu/jitops_agu.cpp.o
[ 54%] Building CXX object gearmulator/dsp56300/dsp56kEmu/CMakeFiles/dsp56kEmu.dir/__/__/__/g1-dsp/dsp56kEmu/jitops_alu.cpp.o
In file included from /usr/include/strings.h:23,
                 from /usr/include/string.h:494,
                 from /home/animatek/src/gearmulator-md-mm/source/dsp56300/source/asmjit/src/asmjit/x86/../core/../core/../core/../core/../core/api-config.h:40,
                 from /home/animatek/src/gearmulator-md-mm/source/dsp56300/source/asmjit/src/asmjit/x86/../core/../core/../core/../core/globals.h:9,
                 from /home/animatek/src/gearmulator-md-mm/source/dsp56300/source/asmjit/src/asmjit/x86/../core/../core/../core/archcommons.h:13,
                 from /home/animatek/src/gearmulator-md-mm/source/dsp56300/source/asmjit/src/asmjit/x86/../core/../core/operand.h:9,
                 from /home/animatek/src/gearmulator-md-mm/source/dsp56300/source/asmjit/src/asmjit/x86/../core/archtraits.h:9,
                 from /home/animatek/src/gearmulator-md-mm/source/dsp56300/source/asmjit/src/asmjit/x86/x86operand.h:9,
                 from /mnt/SPEED/CODE/G1-Emu-skin/build/g1-dsp/dsp56kEmu/jittypes.h:49,
                 from /mnt/SPEED/CODE/G1-Emu-skin/build/g1-dsp/dsp56kEmu/jitblockchain.h:10,
                 from /mnt/SPEED/CODE/G1-Emu-skin/build/g1-dsp/dsp56kEmu/jit.h:14,
                 from /mnt/SPEED/CODE/G1-Emu-skin/build/g1-dsp/dsp56kEmu/jit.cpp:1:
/mnt/SPEED/CODE/G1-Emu-skin/build/g1-dsp/dsp56kEmu/jit.cpp: In static member function ‘static dsp56k::Jit* dsp56k::Jit::toJitPtr(dsp56k::DspRegs*)’:
/mnt/SPEED/CODE/G1-Emu-skin/build/g1-dsp/dsp56kEmu/jit.cpp:247:50: warning: ‘offsetof’ within non-standard-layout type ‘dsp56k::DSP’ is conditionally-supported [-Winvalid-offsetof]
  247 |                 const auto offsetRegs = offsetof(DSP, reg);
      |                                                  ^
/mnt/SPEED/CODE/G1-Emu-skin/build/g1-dsp/dsp56kEmu/jit.cpp:248:49: warning: ‘offsetof’ within non-standard-layout type ‘dsp56k::DSP’ is conditionally-supported [-Winvalid-offsetof]
  248 |                 const auto offsetJit = offsetof(DSP, m_jit);
      |                                                 ^
[ 55%] Building CXX object gearmulator/dsp56300/dsp56kEmu/CMakeFiles/dsp56kEmu.dir/__/__/__/g1-dsp/dsp56kEmu/jitops_ccr.cpp.o
[ 55%] Building CXX object gearmulator/dsp56300/dsp56kEmu/CMakeFiles/dsp56kEmu.dir/__/__/__/g1-dsp/dsp56kEmu/jitops_decode.cpp.o
[ 55%] Building CXX object gearmulator/dsp56300/dsp56kEmu/CMakeFiles/dsp56kEmu.dir/__/__/__/g1-dsp/dsp56kEmu/jitops_helper.cpp.o
[ 56%] Building CXX object gearmulator/dsp56300/dsp56kEmu/CMakeFiles/dsp56kEmu.dir/__/__/__/g1-dsp/dsp56kEmu/jitops_jmp.cpp.o
[ 56%] Building CXX object gearmulator/dsp56300/dsp56kEmu/CMakeFiles/dsp56kEmu.dir/__/__/__/g1-dsp/dsp56kEmu/jitops_mem.cpp.o
[ 56%] Building CXX object gearmulator/dsp56300/dsp56kEmu/CMakeFiles/dsp56kEmu.dir/__/__/__/g1-dsp/dsp56kEmu/jitops_move.cpp.o
[ 56%] Building CXX object gearmulator/dsp56300/dsp56kEmu/CMakeFiles/dsp56kEmu.dir/__/__/__/g1-dsp/dsp56kEmu/jitoptimizer.cpp.o
[ 58%] Building CXX object gearmulator/dsp56300/dsp56kEmu/CMakeFiles/dsp56kEmu.dir/__/__/__/g1-dsp/dsp56kEmu/jitoptimizertests.cpp.o
[ 58%] Building CXX object gearmulator/dsp56300/dsp56kEmu/CMakeFiles/dsp56kEmu.dir/__/__/__/g1-dsp/dsp56kEmu/jitprofilingsupport.cpp.o
[ 58%] Building CXX object gearmulator/dsp56300/dsp56kEmu/CMakeFiles/dsp56kEmu.dir/__/__/__/g1-dsp/dsp56kEmu/jitregtracker.cpp.o
[ 59%] Building CXX object gearmulator/dsp56300/dsp56kEmu/CMakeFiles/dsp56kEmu.dir/__/__/__/g1-dsp/dsp56kEmu/jitruntimedata.cpp.o
[ 59%] Building CXX object gearmulator/dsp56300/dsp56kEmu/CMakeFiles/dsp56kEmu.dir/__/__/__/g1-dsp/dsp56kEmu/jitstackhelper.cpp.o
[ 59%] Building CXX object gearmulator/dsp56300/dsp56kEmu/CMakeFiles/dsp56kEmu.dir/__/__/__/g1-dsp/dsp56kEmu/jittrampoline.cpp.o
[ 60%] Building CXX object gearmulator/dsp56300/dsp56kEmu/CMakeFiles/dsp56kEmu.dir/__/__/__/g1-dsp/dsp56kEmu/jitunittests.cpp.o
[ 60%] Building CXX object gearmulator/dsp56300/dsp56kEmu/CMakeFiles/dsp56kEmu.dir/__/__/__/g1-dsp/dsp56kEmu/jitops_agu_aarch64.cpp.o
[ 60%] Building CXX object gearmulator/dsp56300/dsp56kEmu/CMakeFiles/dsp56kEmu.dir/__/__/__/g1-dsp/dsp56kEmu/jitops_alu_aarch64.cpp.o
[ 60%] Building CXX object gearmulator/dsp56300/dsp56kEmu/CMakeFiles/dsp56kEmu.dir/__/__/__/g1-dsp/dsp56kEmu/jitops_ccr_aarch64.cpp.o
[ 61%] Building CXX object gearmulator/dsp56300/dsp56kEmu/CMakeFiles/dsp56kEmu.dir/__/__/__/g1-dsp/dsp56kEmu/jitops_decode_aarch64.cpp.o
[ 61%] Building CXX object gearmulator/dsp56300/dsp56kEmu/CMakeFiles/dsp56kEmu.dir/__/__/__/g1-dsp/dsp56kEmu/jitops_helper_aarch64.cpp.o
[ 61%] Building CXX object gearmulator/dsp56300/dsp56kEmu/CMakeFiles/dsp56kEmu.dir/__/__/__/g1-dsp/dsp56kEmu/jitops_agu_x64.cpp.o
[ 62%] Building CXX object gearmulator/dsp56300/dsp56kEmu/CMakeFiles/dsp56kEmu.dir/__/__/__/g1-dsp/dsp56kEmu/jitops_alu_x64.cpp.o
[ 62%] Building CXX object gearmulator/dsp56300/dsp56kEmu/CMakeFiles/dsp56kEmu.dir/__/__/__/g1-dsp/dsp56kEmu/jitops_ccr_x64.cpp.o
[ 62%] Building CXX object gearmulator/dsp56300/dsp56kEmu/CMakeFiles/dsp56kEmu.dir/__/__/__/g1-dsp/dsp56kEmu/jitops_decode_x64.cpp.o
[ 63%] Building CXX object gearmulator/dsp56300/dsp56kEmu/CMakeFiles/dsp56kEmu.dir/__/__/__/g1-dsp/dsp56kEmu/jitops_helper_x64.cpp.o
[ 63%] Building CXX object gearmulator/dsp56300/dsp56kEmu/CMakeFiles/dsp56kEmu.dir/mnt/SPEED/CODE/G1-Emu-skin/g1Lib/dsp56300.cpp.o
[ 63%] Linking CXX static library libdsp56kEmu.a
[ 63%] Built target dsp56kEmu
[ 63%] Building CXX object tools/CMakeFiles/jitdiff.dir/jitdiff.cpp.o
[ 63%] Building CXX object g1Lib/CMakeFiles/g1Lib.dir/g1dsp.cpp.o
[ 66%] Building CXX object g1Lib/CMakeFiles/g1Lib.dir/g1cycleprofile.cpp.o
[ 66%] Building CXX object tools/CMakeFiles/dspdis.dir/dspdis.cpp.o
[ 66%] Building CXX object g1Lib/CMakeFiles/g1Lib.dir/g1mc.cpp.o
[ 66%] Building CXX object tools/CMakeFiles/g1dspcheck.dir/g1dspcheck.cpp.o
[ 66%] Building CXX object tools/CMakeFiles/g1dspcheck.dir/__/g1Lib/g1cycleprofile.cpp.o
[ 66%] Building CXX object g1Lib/CMakeFiles/g1Lib.dir/g1format.cpp.o
[ 66%] Linking CXX executable dspdis
[ 67%] Linking CXX executable jitdiff
[ 67%] Linking CXX executable g1dspcheck
[ 67%] Linking CXX executable g1vst3check_artefacts/Release/g1vst3check
[ 67%] Linking CXX static library libg1Lib.a
[ 67%] Built target g1Lib
[ 67%] Building CXX object tools/CMakeFiles/g1boot.dir/g1boot.cpp.o
[ 67%] Built target dspdis
[ 68%] Building CXX object tools/patchtest/CMakeFiles/g1patchtest.dir/g1patchtest.cpp.o
[ 68%] Building CXX object app/CMakeFiles/g1Core.dir/engine.cpp.o
[ 68%] Building CXX object app/CMakeFiles/g1formattest.dir/formattest.cpp.o
[ 68%] Building CXX object app/CMakeFiles/g1Core.dir/hostconfig.cpp.o
[ 69%] Building CXX object app/CMakeFiles/g1Core.dir/romfinder.cpp.o
[ 69%] Linking CXX executable g1formattest
[ 69%] Building CXX object tools/patchtest/CMakeFiles/g1patchtest.dir/mnt/SPEED/CODE/Nomad2026/source/model/Patch.cpp.o
[ 69%] Building CXX object tools/patchtest/CMakeFiles/g1patchtest.dir/mnt/SPEED/CODE/Nomad2026/source/model/ModuleDescriptions.cpp.o
[ 69%] Building CXX object app/CMakeFiles/g1Core.dir/slotkeeper.cpp.o
[ 70%] Building CXX object tools/patchtest/CMakeFiles/g1patchtest.dir/mnt/SPEED/CODE/Nomad2026/source/model/ModuleTags.cpp.o
[ 70%] Built target jitdiff
[ 70%] Building CXX object tools/patchtest/CMakeFiles/g1patchtest.dir/mnt/SPEED/CODE/Nomad2026/source/model/ThemeData.cpp.o
[ 72%] Linking CXX executable g1boot
[ 72%] Building CXX object app/CMakeFiles/g1Core.dir/synthsettings.cpp.o
[ 72%] Building CXX object tools/patchtest/CMakeFiles/g1patchtest.dir/mnt/SPEED/CODE/Nomad2026/source/format/ValueFormatters.cpp.o
[ 73%] Building CXX object app/CMakeFiles/g1Core.dir/directlink.cpp.o
In file included from /mnt/SPEED/CODE/G1-Emu-skin/app/synthsettings.cpp:1:
/mnt/SPEED/CODE/G1-Emu-skin/app/synthsettings.h: In member function ‘bool g1app::SynthSettings::operator==(const g1app::SynthSettings&) const’:
/mnt/SPEED/CODE/G1-Emu-skin/app/synthsettings.h:44:77: error: use of ‘auto g1app::SynthSettings::tied() const’ before deduction of ‘auto’
   44 |                 bool operator==(const SynthSettings& _o) const { return tied() == _o.tied(); }
      |                                                                         ~~~~^~
/mnt/SPEED/CODE/G1-Emu-skin/app/synthsettings.h:44:90: error: use of ‘auto g1app::SynthSettings::tied() const’ before deduction of ‘auto’
   44 |                 bool operator==(const SynthSettings& _o) const { return tied() == _o.tied(); }
      |                                                                                   ~~~~~~~^~
[ 74%] Building CXX object tools/patchtest/CMakeFiles/g1patchtest.dir/mnt/SPEED/CODE/Nomad2026/source/model/PatchSerializer.cpp.o
make[2]: *** [app/CMakeFiles/g1Core.dir/build.make:135: app/CMakeFiles/g1Core.dir/synthsettings.cpp.o] Error 1
make[2]: *** Se espera a que terminen otras tareas....
[ 74%] Built target g1formattest
[ 74%] Building CXX object tools/patchtest/CMakeFiles/g1patchtest.dir/mnt/SPEED/CODE/Nomad2026/source/model/PatchParser.cpp.o
[ 74%] Building CXX object tools/patchtest/CMakeFiles/g1patchtest.dir/mnt/SPEED/CODE/Nomad2026/source/model/PchFileIO.cpp.o
[ 74%] Building CXX object tools/patchtest/CMakeFiles/g1patchtest.dir/mnt/SPEED/CODE/Nomad2026/source/midi/UploadPacketizer.cpp.o
make[1]: *** [CMakeFiles/Makefile2:2400: app/CMakeFiles/g1Core.dir/all] Error 2
make[1]: *** Se espera a que terminen otras tareas....
[ 75%] Building CXX object tools/patchtest/CMakeFiles/g1patchtest.dir/mnt/SPEED/CODE/Nomad2026/source/midi/SysExCodec.cpp.o
[ 75%] Building CXX object tools/patchtest/CMakeFiles/g1patchtest.dir/mnt/SPEED/CODE/Nomad2026/source/midi/NmMessages.cpp.o
[ 75%] Building CXX object tools/patchtest/CMakeFiles/g1patchtest.dir/mnt/SPEED/CODE/Nomad2026/source/protocol/KnobAssignmentMessage.cpp.o
[ 76%] Building CXX object tools/patchtest/CMakeFiles/g1patchtest.dir/mnt/SPEED/CODE/Nomad2026/JUCE/modules/juce_core/juce_core.cpp.o
[ 76%] Building CXX object tools/patchtest/CMakeFiles/g1patchtest.dir/mnt/SPEED/CODE/Nomad2026/JUCE/modules/juce_core/juce_core_CompilationTime.cpp.o
[ 76%] Building CXX object tools/patchtest/CMakeFiles/g1patchtest.dir/mnt/SPEED/CODE/Nomad2026/JUCE/modules/juce_events/juce_events.cpp.o
[ 77%] Building CXX object tools/patchtest/CMakeFiles/g1patchtest.dir/mnt/SPEED/CODE/Nomad2026/JUCE/modules/juce_data_structures/juce_data_structures.cpp.o
[ 77%] Building CXX object tools/patchtest/CMakeFiles/g1patchtest.dir/mnt/SPEED/CODE/Nomad2026/JUCE/modules/juce_graphics/juce_graphics.cpp.o
[ 77%] Building CXX object tools/patchtest/CMakeFiles/g1patchtest.dir/mnt/SPEED/CODE/Nomad2026/JUCE/modules/juce_graphics/juce_graphics_Harfbuzz.cpp.o
[ 77%] Building C object tools/patchtest/CMakeFiles/g1patchtest.dir/mnt/SPEED/CODE/Nomad2026/JUCE/modules/juce_graphics/juce_graphics_Sheenbidi.c.o
[ 77%] Built target g1dspcheck
[ 77%] Built target g1boot
[ 77%] Built target g1vst3check
[ 78%] Linking CXX executable g1patchtest_artefacts/Release/g1patchtest
[ 78%] Built target g1patchtest
make: *** [Makefile:146: all] Error 2
EXIT 2
